This is pdfTeX, Version 3.141592653-2.6-1.40.28 (MiKTeX 25.12) (preloaded format=pdflatex.fmt)
 restricted \write18 enabled.
entering extended mode
(report.tex
LaTeX2e <2025-11-01>
L3 programming layer <2025-12-24>
(C:\Program Files\MiKTeX\tex/latex/base\report.cls
Document Class: report 2025/01/22 v1.4n Standard LaTeX document class
(C:\Program Files\MiKTeX\tex/latex/base\size12.clo))
(C:\Program Files\MiKTeX\tex/latex/geometry\geometry.sty
(C:\Program Files\MiKTeX\tex/latex/graphics\keyval.sty)
(C:\Program Files\MiKTeX\tex/generic/iftex\ifvtex.sty
(C:\Program Files\MiKTeX\tex/generic/iftex\iftex.sty))
(C:\Program Files\MiKTeX\tex/latex/geometry\geometry.cfg))
(C:\Program Files\MiKTeX\tex/latex/base\fontenc.sty)
(C:\Program Files\MiKTeX\tex/latex/amsmath\amsmath.sty
For additional information on amsmath, use the `?' option.
(C:\Program Files\MiKTeX\tex/latex/amsmath\amstext.sty
(C:\Program Files\MiKTeX\tex/latex/amsmath\amsgen.sty))
(C:\Program Files\MiKTeX\tex/latex/amsmath\amsbsy.sty)
(C:\Program Files\MiKTeX\tex/latex/amsmath\amsopn.sty))
(C:\Program Files\MiKTeX\tex/latex/amsfonts\amssymb.sty
(C:\Program Files\MiKTeX\tex/latex/amsfonts\amsfonts.sty))
(C:\Program Files\MiKTeX\tex/latex/psnfss\mathptmx.sty)
(C:\Program Files\MiKTeX\tex/latex/graphics\graphicx.sty
(C:\Program Files\MiKTeX\tex/latex/graphics\graphics.sty
(C:\Program Files\MiKTeX\tex/latex/graphics\trig.sty)
(C:\Program Files\MiKTeX\tex/latex/graphics-cfg\graphics.cfg)
(C:\Program Files\MiKTeX\tex/latex/graphics-def\pdftex.def)))
(C:\Program Files\MiKTeX\tex/latex/fancyhdr\fancyhdr.sty)
(C:\Program Files\MiKTeX\tex/latex/setspace\setspace.sty)
(C:\Program Files\MiKTeX\tex/latex/titlesec\titlesec.sty)
(C:\Program Files\MiKTeX\tex/latex/tocloft\tocloft.sty)
(C:\Program Files\MiKTeX\tex/latex/float\float.sty)
(C:\Program Files\MiKTeX\tex/latex/tools\array.sty)
(C:\Program Files\MiKTeX\tex/latex/tools\longtable.sty)
(C:\Program Files\MiKTeX\tex/latex/xcolor\xcolor.sty
(C:\Program Files\MiKTeX\tex/latex/graphics-cfg\color.cfg)
(C:\Program Files\MiKTeX\tex/latex/graphics\mathcolor.ltx))
(C:\Program Files\MiKTeX\tex/latex/caption\caption.sty
(C:\Program Files\MiKTeX\tex/latex/caption\caption3.sty)
(C:\Program Files\MiKTeX\tex/latex/caption\ltcaption.sty))
(C:\Program Files\MiKTeX\tex/latex/microtype\microtype.sty
(C:\Program Files\MiKTeX\tex/latex/etoolbox\etoolbox.sty)
(C:\Program Files\MiKTeX\tex/latex/microtype\microtype-pdftex.def)
(C:\Program Files\MiKTeX\tex/latex/microtype\microtype.cfg))
(C:\Program Files\MiKTeX\tex/latex/listings\listings.sty
(C:\Program Files\MiKTeX\tex/latex/listings\lstpatch.sty)
(C:\Program Files\MiKTeX\tex/latex/listings\lstmisc.sty)
(C:\Program Files\MiKTeX\tex/latex/listings\listings.cfg))
==> First Aid for listings.sty no longer applied!
    Expected:
        2024/09/23 1.10c (Carsten Heinz)
    but found:
        2025/11/14 1.11b (Carsten Heinz)
    so I'm assuming it got fixed.
(C:\Program Files\MiKTeX\tex/latex/hyperref\hyperref.sty
(C:\Program Files\MiKTeX\tex/latex/kvsetkeys\kvsetkeys.sty)
(C:\Program Files\MiKTeX\tex/generic/kvdefinekeys\kvdefinekeys.sty)
(C:\Program Files\MiKTeX\tex/generic/pdfescape\pdfescape.sty
(C:\Program Files\MiKTeX\tex/generic/ltxcmds\ltxcmds.sty)
(C:\Program Files\MiKTeX\tex/generic/pdftexcmds\pdftexcmds.sty
(C:\Program Files\MiKTeX\tex/generic/infwarerr\infwarerr.sty)))
(C:\Program Files\MiKTeX\tex/latex/hycolor\hycolor.sty)
(C:\Program Files\MiKTeX\tex/latex/hyperref\nameref.sty
(C:\Program Files\MiKTeX\tex/latex/refcount\refcount.sty)
(C:\Program Files\MiKTeX\tex/generic/gettitlestring\gettitlestring.sty
(C:\Program Files\MiKTeX\tex/latex/kvoptions\kvoptions.sty)))
(C:\Program Files\MiKTeX\tex/generic/stringenc\stringenc.sty)
(C:\Program Files\MiKTeX\tex/latex/hyperref\pd1enc.def)
(C:\Program Files\MiKTeX\tex/generic/intcalc\intcalc.sty)
(C:\Program Files\MiKTeX\tex/latex/hyperref\puenc.def)
(C:\Program Files\MiKTeX\tex/latex/url\url.sty)
(C:\Program Files\MiKTeX\tex/generic/bitset\bitset.sty
(C:\Program Files\MiKTeX\tex/generic/bigintcalc\bigintcalc.sty)))
(C:\Program Files\MiKTeX\tex/latex/hyperref\hpdftex.def
(C:\Program Files\MiKTeX\tex/latex/rerunfilecheck\rerunfilecheck.sty
(C:\Program Files\MiKTeX\tex/generic/uniquecounter\uniquecounter.sty)))
(C:\Program Files\MiKTeX\tex/latex/psnfss\t1ptm.fd)
(C:\Program Files\MiKTeX\tex/latex/l3backend\l3backend-pdftex.def) (report.aux
! Undefined control sequence.
l.177 \@w
         
!  ==> Fatal error occurred, no output PDF file produced!
Transcript written on report.log.
