\BOOKMARK [0][-]{chapter*.1}{\376\377\000D\000E\000C\000L\000A\000R\000A\000T\000I\000O\000N}{}% 1
\BOOKMARK [0][-]{chapter*.3}{\376\377\000C\000E\000R\000T\000I\000F\000I\000C\000A\000T\000E\000\040\000O\000F\000\040\000A\000P\000P\000R\000O\000V\000A\000L}{}% 2
\BOOKMARK [0][-]{chapter*.5}{\376\377\000C\000O\000P\000Y\000R\000I\000G\000H\000T}{}% 3
\BOOKMARK [0][-]{chapter.1}{\376\377\000S\000Y\000S\000T\000E\000M\000\040\000A\000R\000C\000H\000I\000T\000E\000C\000T\000U\000R\000E}{}% 4
\BOOKMARK [1][-]{section.1.1}{\376\377\000O\000v\000e\000r\000v\000i\000e\000w}{chapter.1}% 5
\BOOKMARK [1][-]{section.1.2}{\376\377\000D\000a\000t\000a\000\040\000F\000l\000o\000w\000\040\000a\000n\000d\000\040\000S\000h\000a\000r\000e\000d\000\040\000S\000t\000a\000t\000e}{chapter.1}% 6
\BOOKMARK [0][-]{chapter.2}{\376\377\000A\000G\000E\000N\000T\000\040\000I\000M\000P\000L\000E\000M\000E\000N\000T\000A\000T\000I\000O\000N\000S}{}% 7
\BOOKMARK [1][-]{section.2.1}{\376\377\000A\000g\000e\000n\000t\000\040\0001\000:\000\040\000D\000a\000t\000a\000\040\000P\000r\000o\000f\000i\000l\000i\000n\000g}{chapter.2}% 8
\BOOKMARK [2][-]{subsection.2.1.1}{\376\377\000D\000i\000s\000t\000r\000i\000b\000u\000t\000i\000o\000n\000\040\000A\000n\000a\000l\000y\000s\000i\000s}{section.2.1}% 9
\BOOKMARK [2][-]{subsection.2.1.2}{\376\377\000I\000m\000p\000l\000i\000c\000i\000t\000\040\000M\000i\000s\000s\000i\000n\000g\000n\000e\000s\000s\000\040\000D\000e\000t\000e\000c\000t\000i\000o\000n}{section.2.1}% 10
\BOOKMARK [2][-]{subsection.2.1.3}{\376\377\000C\000o\000l\000u\000m\000n\000\040\000R\000e\000l\000a\000t\000i\000o\000n\000s\000h\000i\000p\000s}{section.2.1}% 11
\BOOKMARK [1][-]{section.2.2}{\376\377\000A\000g\000e\000n\000t\000\040\0002\000:\000\040\000S\000c\000h\000e\000m\000a\000\040\000a\000n\000d\000\040\000L\000L\000M\000\040\000R\000e\000l\000i\000a\000b\000i\000l\000i\000t\000y}{chapter.2}% 12
\BOOKMARK [2][-]{subsection.2.2.1}{\376\377\000L\000L\000M\000\040\000F\000a\000i\000l\000o\000v\000e\000r\000\040\000S\000t\000r\000a\000t\000e\000g\000y}{section.2.2}% 13
\BOOKMARK [2][-]{subsection.2.2.2}{\376\377\000S\000c\000h\000e\000m\000a\000\040\000C\000o\000n\000f\000i\000d\000e\000n\000c\000e\000\040\000S\000c\000o\000r\000e\000s}{section.2.2}% 14
\BOOKMARK [2][-]{subsection.2.2.3}{\376\377\000L\000L\000M\000\040\000B\000a\000t\000c\000h\000i\000n\000g\000\040\000f\000o\000r\000\040\000W\000i\000d\000e\000\040\000S\000c\000h\000e\000m\000a\000s}{section.2.2}% 15
\BOOKMARK [1][-]{section.2.3}{\376\377\000A\000g\000e\000n\000t\000\040\0003\000:\000\040\000D\000a\000t\000a\000\040\000C\000l\000e\000a\000n\000i\000n\000g}{chapter.2}% 16
\BOOKMARK [2][-]{subsection.2.3.1}{\376\377\000A\000d\000a\000p\000t\000i\000v\000e\000\040\000O\000u\000t\000l\000i\000e\000r\000\040\000C\000l\000i\000p\000p\000i\000n\000g}{section.2.3}% 17
\BOOKMARK [2][-]{subsection.2.3.2}{\376\377\000B\000u\000s\000i\000n\000e\000s\000s\000\040\000M\000e\000t\000r\000i\000c\000s\000\040\000D\000e\000r\000i\000v\000a\000t\000i\000o\000n}{section.2.3}% 18
\BOOKMARK [2][-]{subsection.2.3.3}{\376\377\000P\000r\000e\000p\000r\000o\000c\000e\000s\000s\000i\000n\000g\000\040\000P\000r\000o\000f\000i\000l\000e\000s}{section.2.3}% 19
\BOOKMARK [2][-]{subsection.2.3.4}{\376\377\000C\000o\000l\000u\000m\000n\000\040\000L\000e\000d\000g\000e\000r}{section.2.3}% 20
\BOOKMARK [2][-]{subsection.2.3.5}{\376\377\000R\000o\000w\000\040\000S\000a\000f\000e\000t\000y\000\040\000C\000h\000e\000c\000k\000s}{section.2.3}% 21
\BOOKMARK [1][-]{section.2.4}{\376\377\000A\000g\000e\000n\000t\000\040\0004\000:\000\040\000S\000t\000a\000t\000i\000s\000t\000i\000c\000a\000l\000\040\000A\000n\000a\000l\000y\000s\000i\000s\000\040\000a\000n\000d\000\040\000C\000h\000a\000r\000t\000\040\000P\000l\000a\000n\000n\000i\000n\000g}{chapter.2}% 22
\BOOKMARK [2][-]{subsection.2.4.1}{\376\377\000S\000t\000a\000t\000i\000s\000t\000i\000c\000a\000l\000\040\000C\000h\000a\000r\000t\000\040\000S\000e\000l\000e\000c\000t\000i\000o\000n}{section.2.4}% 23
\BOOKMARK [2][-]{subsection.2.4.2}{\376\377\000M\000a\000t\000e\000r\000i\000a\000l\000i\000t\000y\000\040\000G\000a\000t\000i\000n\000g}{section.2.4}% 24
\BOOKMARK [2][-]{subsection.2.4.3}{\376\377\000T\000r\000e\000n\000d\000\040\000W\000o\000r\000d\000i\000n\000g}{section.2.4}% 25
\BOOKMARK [2][-]{subsection.2.4.4}{\376\377\000U\000n\000i\000f\000i\000e\000d\000\040\000C\000h\000a\000r\000t\000\040\000S\000p\000e\000c\000i\000f\000i\000c\000a\000t\000i\000o\000n\000s}{section.2.4}% 26
\BOOKMARK [1][-]{section.2.5}{\376\377\000A\000g\000e\000n\000t\000\040\0005\000:\000\040\000V\000a\000l\000i\000d\000a\000t\000i\000o\000n\000\040\000a\000n\000d\000\040\000D\000a\000t\000a\000\040\000Q\000u\000a\000l\000i\000t\000y}{chapter.2}% 27
\BOOKMARK [2][-]{subsection.2.5.1}{\376\377\000T\000e\000m\000p\000o\000r\000a\000l\000\040\000L\000o\000g\000i\000c\000\040\000V\000a\000l\000i\000d\000a\000t\000i\000o\000n}{section.2.5}% 28
\BOOKMARK [2][-]{subsection.2.5.2}{\376\377\000F\000o\000r\000m\000u\000l\000a\000\040\000R\000e\000c\000o\000n\000c\000i\000l\000i\000a\000t\000i\000o\000n}{section.2.5}% 29
\BOOKMARK [2][-]{subsection.2.5.3}{\376\377\000N\000e\000a\000r\000-\000P\000e\000r\000f\000e\000c\000t\000\040\000C\000o\000r\000r\000e\000l\000a\000t\000i\000o\000n\000\040\000H\000a\000n\000d\000l\000i\000n\000g}{section.2.5}% 30
\BOOKMARK [2][-]{subsection.2.5.4}{\376\377\000B\000r\000o\000k\000e\000n\000\040\000R\000u\000l\000e\000\040\000F\000i\000l\000t\000e\000r\000i\000n\000g}{section.2.5}% 31
\BOOKMARK [2][-]{subsection.2.5.5}{\376\377\000C\000o\000h\000e\000n\000'\000s\000\040\000K\000a\000p\000p\000a}{section.2.5}% 32
\BOOKMARK [1][-]{section.2.6}{\376\377\000A\000g\000e\000n\000t\000\040\0006\000:\000\040\000R\000e\000p\000o\000r\000t\000\040\000G\000e\000n\000e\000r\000a\000t\000i\000o\000n}{chapter.2}% 33
\BOOKMARK [2][-]{subsection.2.6.1}{\376\377\000N\000a\000r\000r\000a\000t\000i\000v\000e\000\040\000C\000l\000a\000i\000m\000\040\000G\000r\000o\000u\000n\000d\000i\000n\000g}{section.2.6}% 34
\BOOKMARK [2][-]{subsection.2.6.2}{\376\377\000C\000o\000n\000t\000r\000a\000d\000i\000c\000t\000i\000o\000n\000\040\000D\000e\000t\000e\000c\000t\000i\000o\000n}{section.2.6}% 35
\BOOKMARK [2][-]{subsection.2.6.3}{\376\377\000C\000h\000a\000r\000t\000\040\000D\000e\000d\000u\000p\000l\000i\000c\000a\000t\000i\000o\000n}{section.2.6}% 36
\BOOKMARK [2][-]{subsection.2.6.4}{\376\377\000D\000y\000n\000a\000m\000i\000c\000\040\000G\000l\000o\000s\000s\000a\000r\000y}{section.2.6}% 37
\BOOKMARK [2][-]{subsection.2.6.5}{\376\377\000S\000e\000c\000t\000i\000o\000n\000\040\000O\000r\000d\000e\000r\000i\000n\000g}{section.2.6}% 38
\BOOKMARK [0][-]{chapter.3}{\376\377\000D\000A\000T\000A\000\040\000P\000R\000O\000C\000E\000S\000S\000I\000N\000G\000\040\000A\000N\000D\000\040\000Q\000U\000A\000L\000I\000T\000Y}{}% 39
\BOOKMARK [1][-]{section.3.1}{\376\377\000D\000a\000t\000a\000\040\000I\000n\000g\000e\000s\000t\000i\000o\000n}{chapter.3}% 40
\BOOKMARK [2][-]{subsection.3.1.1}{\376\377\000M\000i\000x\000e\000d\000\040\000D\000e\000l\000i\000m\000i\000t\000e\000r\000s}{section.3.1}% 41
\BOOKMARK [2][-]{subsection.3.1.2}{\376\377\000M\000u\000l\000t\000i\000-\000E\000n\000c\000o\000d\000i\000n\000g\000\040\000F\000a\000l\000l\000b\000a\000c\000k}{section.3.1}% 42
\BOOKMARK [1][-]{section.3.2}{\376\377\000Q\000u\000a\000l\000i\000t\000y\000\040\000M\000e\000t\000r\000i\000c\000s\000\040\000a\000n\000d\000\040\000V\000a\000l\000i\000d\000a\000t\000i\000o\000n}{chapter.3}% 43
\BOOKMARK [1][-]{section.3.3}{\376\377\000A\000u\000d\000i\000t\000\040\000T\000r\000a\000i\000l\000s}{chapter.3}% 44
\BOOKMARK [0][-]{chapter.4}{\376\377\000A\000P\000I\000s\000\040\000A\000N\000D\000\040\000S\000E\000R\000V\000I\000C\000E\000S}{}% 45
\BOOKMARK [1][-]{section.4.1}{\376\377\000R\000E\000S\000T\000f\000u\000l\000\040\000E\000n\000d\000p\000o\000i\000n\000t\000s}{chapter.4}% 46
\BOOKMARK [2][-]{subsection.4.1.1}{\376\377\000A\000n\000a\000l\000y\000s\000i\000s\000\040\000P\000i\000p\000e\000l\000i\000n\000e}{section.4.1}% 47
\BOOKMARK [2][-]{subsection.4.1.2}{\376\377\000J\000o\000b\000\040\000M\000a\000n\000a\000g\000e\000m\000e\000n\000t}{section.4.1}% 48
\BOOKMARK [2][-]{subsection.4.1.3}{\376\377\000R\000e\000p\000o\000r\000t\000\040\000a\000n\000d\000\040\000A\000r\000t\000i\000f\000a\000c\000t\000s}{section.4.1}% 49
\BOOKMARK [2][-]{subsection.4.1.4}{\376\377\000I\000n\000f\000r\000a\000s\000t\000r\000u\000c\000t\000u\000r\000e}{section.4.1}% 50
\BOOKMARK [1][-]{section.4.2}{\376\377\000D\000a\000t\000a\000s\000e\000t\000\040\000Q\000\046\000A\000\040\000S\000e\000r\000v\000i\000c\000e}{chapter.4}% 51
\BOOKMARK [2][-]{subsection.4.2.1}{\376\377\000O\000n\000-\000D\000e\000m\000a\000n\000d\000\040\000C\000h\000a\000r\000t\000s}{section.4.2}% 52
\BOOKMARK [1][-]{section.4.3}{\376\377\000P\000r\000o\000g\000r\000e\000s\000s\000\040\000S\000t\000r\000e\000a\000m\000i\000n\000g}{chapter.4}% 53
\BOOKMARK [0][-]{chapter.5}{\376\377\000I\000N\000F\000R\000A\000S\000T\000R\000U\000C\000T\000U\000R\000E\000\040\000A\000N\000D\000\040\000C\000O\000N\000F\000I\000G\000U\000R\000A\000T\000I\000O\000N}{}% 54
\BOOKMARK [1][-]{section.5.1}{\376\377\000L\000L\000M\000\040\000P\000r\000o\000v\000i\000d\000e\000r\000\040\000M\000a\000n\000a\000g\000e\000m\000e\000n\000t}{chapter.5}% 55
\BOOKMARK [2][-]{subsection.5.1.1}{\376\377\000M\000u\000l\000t\000i\000-\000M\000o\000d\000e\000l\000\040\000F\000a\000i\000l\000o\000v\000e\000r}{section.5.1}% 56
\BOOKMARK [2][-]{subsection.5.1.2}{\376\377\000M\000u\000l\000t\000i\000-\000G\000e\000m\000i\000n\000i\000-\000K\000e\000y\000\040\000R\000o\000t\000a\000t\000i\000o\000n}{section.5.1}% 57
\BOOKMARK [2][-]{subsection.5.1.3}{\376\377\000G\000e\000m\000i\000n\000i\000\040\000M\000o\000d\000e\000l\000\040\000F\000a\000l\000l\000b\000a\000c\000k\000\040\000C\000h\000a\000i\000n}{section.5.1}% 58
\BOOKMARK [2][-]{subsection.5.1.4}{\376\377\000H\000e\000a\000l\000t\000h\000\040\000C\000h\000e\000c\000k\000\040\000C\000a\000c\000h\000i\000n\000g}{section.5.1}% 59
\BOOKMARK [1][-]{section.5.2}{\376\377\000O\000p\000t\000i\000o\000n\000a\000l\000\040\000P\000e\000r\000s\000i\000s\000t\000e\000n\000c\000e}{chapter.5}% 60
\BOOKMARK [1][-]{section.5.3}{\376\377\000S\000e\000m\000a\000n\000t\000i\000c\000\040\000S\000e\000a\000r\000c\000h}{chapter.5}% 61
\BOOKMARK [1][-]{section.5.4}{\376\377\000P\000r\000e\000p\000r\000o\000c\000e\000s\000s\000i\000n\000g\000\040\000P\000r\000o\000f\000i\000l\000e\000s}{chapter.5}% 62
\BOOKMARK [1][-]{section.5.5}{\376\377\000L\000L\000M\000\040\000C\000o\000n\000t\000e\000x\000t\000\040\000S\000c\000o\000p\000i\000n\000g}{chapter.5}% 63
\BOOKMARK [0][-]{chapter*.7}{\376\377\000A\000C\000K\000N\000O\000W\000L\000E\000D\000G\000E\000M\000E\000N\000T}{}% 64
\BOOKMARK [0][-]{chapter*.9}{\376\377\000A\000B\000S\000T\000R\000A\000C\000T}{}% 65
\BOOKMARK [0][-]{section*.11}{\376\377\000L\000I\000S\000T\000\040\000O\000F\000\040\000F\000I\000G\000U\000R\000E\000S}{}% 66
\BOOKMARK [0][-]{section*.12}{\376\377\000L\000I\000S\000T\000\040\000O\000F\000\040\000T\000A\000B\000L\000E\000S}{}% 67
\BOOKMARK [0][-]{chapter*.13}{\376\377\000L\000I\000S\000T\000\040\000O\000F\000\040\000A\000B\000B\000R\000E\000V\000I\000A\000T\000I\000O\000N\000S}{}% 68
\BOOKMARK [0][-]{chapter.6}{\376\377\000I\000N\000T\000R\000O\000D\000U\000C\000T\000I\000O\000N}{}% 69
\BOOKMARK [1][-]{section.6.1}{\376\377\000B\000a\000c\000k\000g\000r\000o\000u\000n\000d}{chapter.6}% 70
\BOOKMARK [1][-]{section.6.2}{\376\377\000M\000o\000t\000i\000v\000a\000t\000i\000o\000n}{chapter.6}% 71
\BOOKMARK [1][-]{section.6.3}{\376\377\000P\000r\000o\000b\000l\000e\000m\000\040\000D\000e\000f\000i\000n\000i\000t\000i\000o\000n}{chapter.6}% 72
\BOOKMARK [1][-]{section.6.4}{\376\377\000O\000b\000j\000e\000c\000t\000i\000v\000e\000s}{chapter.6}% 73
\BOOKMARK [1][-]{section.6.5}{\376\377\000S\000c\000o\000p\000e\000\040\000a\000n\000d\000\040\000A\000p\000p\000l\000i\000c\000a\000t\000i\000o\000n\000s}{chapter.6}% 74
\BOOKMARK [1][-]{section.6.6}{\376\377\000R\000e\000p\000o\000r\000t\000\040\000O\000r\000g\000a\000n\000i\000z\000a\000t\000i\000o\000n}{chapter.6}% 75
\BOOKMARK [0][-]{chapter.7}{\376\377\000L\000I\000T\000E\000R\000A\000T\000U\000R\000E\000\040\000R\000E\000V\000I\000E\000W}{}% 76
\BOOKMARK [1][-]{section.7.1}{\376\377\000T\000r\000a\000d\000i\000t\000i\000o\000n\000a\000l\000\040\000D\000a\000t\000a\000\040\000A\000n\000a\000l\000y\000t\000i\000c\000s\000\040\000P\000l\000a\000t\000f\000o\000r\000m\000s}{chapter.7}% 77
\BOOKMARK [1][-]{section.7.2}{\376\377\000A\000I\000-\000A\000s\000s\000i\000s\000t\000e\000d\000\040\000A\000n\000a\000l\000y\000t\000i\000c\000s\000\040\000a\000n\000d\000\040\000L\000a\000r\000g\000e\000\040\000L\000a\000n\000g\000u\000a\000g\000e\000\040\000M\000o\000d\000e\000l\000-\000B\000a\000s\000e\000d\000\040\000D\000a\000t\000a\000\040\000A\000n\000a\000l\000y\000s\000i\000s}{chapter.7}% 78
\BOOKMARK [1][-]{section.7.3}{\376\377\000A\000u\000t\000o\000m\000a\000t\000e\000d\000\040\000D\000a\000t\000a\000\040\000V\000i\000s\000u\000a\000l\000i\000z\000a\000t\000i\000o\000n\000\040\000f\000r\000o\000m\000\040\000T\000a\000b\000u\000l\000a\000r\000/\000C\000S\000V\000\040\000D\000a\000t\000a}{chapter.7}% 79
\BOOKMARK [1][-]{section.7.4}{\376\377\000A\000g\000e\000n\000t\000i\000c\000\040\000A\000I\000\040\000F\000r\000a\000m\000e\000w\000o\000r\000k\000s\000\040\000a\000n\000d\000\040\000M\000u\000l\000t\000i\000-\000A\000g\000e\000n\000t\000\040\000S\000y\000s\000t\000e\000m\000s}{chapter.7}% 80
\BOOKMARK [1][-]{section.7.5}{\376\377\000E\000x\000i\000s\000t\000i\000n\000g\000\040\000R\000e\000s\000e\000a\000r\000c\000h\000\040\000o\000n\000\040\000A\000u\000t\000o\000m\000a\000t\000e\000d\000\040\000D\000a\000t\000a\000\040\000A\000n\000a\000l\000y\000s\000i\000s\000\040\000S\000y\000s\000t\000e\000m\000s}{chapter.7}% 81
\BOOKMARK [1][-]{section.7.6}{\376\377\000R\000e\000s\000e\000a\000r\000c\000h\000\040\000G\000a\000p\000\040\000a\000n\000d\000\040\000P\000r\000o\000j\000e\000c\000t\000\040\000P\000o\000s\000i\000t\000i\000o\000n\000i\000n\000g}{chapter.7}% 82
\BOOKMARK [0][-]{chapter.8}{\376\377\000R\000E\000Q\000U\000I\000R\000E\000M\000E\000N\000T\000\040\000A\000N\000A\000L\000Y\000S\000I\000S}{}% 83
\BOOKMARK [1][-]{section.8.1}{\376\377\000F\000u\000n\000c\000t\000i\000o\000n\000a\000l\000\040\000R\000e\000q\000u\000i\000r\000e\000m\000e\000n\000t\000s}{chapter.8}% 84
\BOOKMARK [1][-]{section.8.2}{\376\377\000N\000o\000n\000-\000F\000u\000n\000c\000t\000i\000o\000n\000a\000l\000\040\000R\000e\000q\000u\000i\000r\000e\000m\000e\000n\000t\000s}{chapter.8}% 85
\BOOKMARK [1][-]{section.8.3}{\376\377\000S\000o\000f\000t\000w\000a\000r\000e\000\040\000R\000e\000q\000u\000i\000r\000e\000m\000e\000n\000t\000s}{chapter.8}% 86
\BOOKMARK [1][-]{section.8.4}{\376\377\000F\000e\000a\000s\000i\000b\000i\000l\000i\000t\000y\000\040\000S\000t\000u\000d\000y}{chapter.8}% 87
\BOOKMARK [2][-]{subsection.8.4.1}{\376\377\000T\000e\000c\000h\000n\000i\000c\000a\000l\000\040\000F\000e\000a\000s\000i\000b\000i\000l\000i\000t\000y}{section.8.4}% 88
\BOOKMARK [2][-]{subsection.8.4.2}{\376\377\000O\000p\000e\000r\000a\000t\000i\000o\000n\000a\000l\000\040\000F\000e\000a\000s\000i\000b\000i\000l\000i\000t\000y}{section.8.4}% 89
\BOOKMARK [2][-]{subsection.8.4.3}{\376\377\000E\000c\000o\000n\000o\000m\000i\000c\000\040\000F\000e\000a\000s\000i\000b\000i\000l\000i\000t\000y}{section.8.4}% 90
\BOOKMARK [1][-]{section.8.5}{\376\377\000D\000a\000t\000a\000s\000e\000t\000\040\000A\000n\000a\000l\000y\000s\000i\000s}{chapter.8}% 91
\BOOKMARK [1][-]{section.8.6}{\376\377\000R\000e\000q\000u\000i\000r\000e\000m\000e\000n\000t\000\040\000S\000t\000a\000t\000u\000s}{chapter.8}% 92
\BOOKMARK [0][-]{chapter.9}{\376\377\000T\000H\000E\000O\000R\000E\000T\000I\000C\000A\000L\000\040\000A\000P\000P\000R\000O\000A\000C\000H}{}% 93
\BOOKMARK [1][-]{section.9.1}{\376\377\000L\000a\000r\000g\000e\000\040\000L\000a\000n\000g\000u\000a\000g\000e\000\040\000M\000o\000d\000e\000l\000\040\000T\000h\000e\000o\000r\000y}{chapter.9}% 94
\BOOKMARK [2][-]{subsection.9.1.1}{\376\377\000D\000e\000c\000o\000d\000e\000r\000-\000O\000n\000l\000y\000\040\000T\000r\000a\000n\000s\000f\000o\000r\000m\000e\000r\000\040\000A\000r\000c\000h\000i\000t\000e\000c\000t\000u\000r\000e}{section.9.1}% 95
\BOOKMARK [2][-]{subsection.9.1.2}{\376\377\000T\000o\000k\000e\000n\000i\000z\000a\000t\000i\000o\000n\000\040\000a\000n\000d\000\040\000E\000m\000b\000e\000d\000d\000i\000n\000g}{section.9.1}% 96
\BOOKMARK [2][-]{subsection.9.1.3}{\376\377\000S\000e\000l\000f\000-\000A\000t\000t\000e\000n\000t\000i\000o\000n}{section.9.1}% 97
\BOOKMARK [2][-]{subsection.9.1.4}{\376\377\000N\000e\000x\000t\000-\000T\000o\000k\000e\000n\000\040\000P\000r\000e\000d\000i\000c\000t\000i\000o\000n}{section.9.1}% 98
\BOOKMARK [1][-]{section.9.2}{\376\377\000G\000r\000o\000q\000\040\000A\000P\000I\000\040\000a\000n\000d\000\040\000L\000L\000M\000\040\000I\000n\000f\000e\000r\000e\000n\000c\000e\000\040\000A\000r\000c\000h\000i\000t\000e\000c\000t\000u\000r\000e}{chapter.9}% 99
\BOOKMARK [2][-]{subsection.9.2.1}{\376\377\000W\000h\000y\000\040\000t\000h\000e\000\040\000G\000r\000o\000q\000\040\000A\000P\000I\000\040\000I\000s\000\040\000U\000s\000e\000d}{section.9.2}% 100
\BOOKMARK [2][-]{subsection.9.2.2}{\376\377\000T\000h\000e\000\040\000Q\000w\000e\000n\0003\000-\0002\0007\000B\000\040\000M\000o\000d\000e\000l}{section.9.2}% 101
\BOOKMARK [2][-]{subsection.9.2.3}{\376\377\000A\000g\000e\000n\000t\000\040\0002\000\040\000A\000P\000I\000\040\000C\000a\000l\000l\000\040\000a\000n\000d\000\040\000P\000r\000o\000m\000p\000t\000\040\000P\000r\000o\000c\000e\000s\000s\000i\000n\000g}{section.9.2}% 102
\BOOKMARK [0][-]{chapter.10}{\376\377\000S\000Y\000S\000T\000E\000M\000\040\000A\000R\000C\000H\000I\000T\000E\000C\000T\000U\000R\000E\000\040\000A\000N\000D\000\040\000M\000E\000T\000H\000O\000D\000O\000L\000O\000G\000Y}{}% 103
\BOOKMARK [1][-]{section.10.1}{\376\377\000O\000v\000e\000r\000a\000l\000l\000\040\000P\000i\000p\000e\000l\000i\000n\000e}{chapter.10}% 104
\BOOKMARK [1][-]{section.10.2}{\376\377\000S\000h\000a\000r\000e\000d\000\040\000S\000t\000a\000t\000e\000\040\000D\000e\000s\000i\000g\000n}{chapter.10}% 105
\BOOKMARK [1][-]{section.10.3}{\376\377\000L\000a\000n\000g\000G\000r\000a\000p\000h\000\040\000O\000r\000c\000h\000e\000s\000t\000r\000a\000t\000i\000o\000n\000\040\000a\000n\000d\000\040\000C\000o\000n\000d\000i\000t\000i\000o\000n\000a\000l\000\040\000R\000o\000u\000t\000i\000n\000g}{chapter.10}% 106
\BOOKMARK [1][-]{section.10.4}{\376\377\000R\000e\000l\000i\000a\000b\000i\000l\000i\000t\000y\000\040\000a\000n\000d\000\040\000C\000o\000n\000f\000i\000d\000e\000n\000c\000e\000\040\000P\000r\000o\000p\000a\000g\000a\000t\000i\000o\000n}{chapter.10}% 107
\BOOKMARK [1][-]{section.10.5}{\376\377\000B\000a\000c\000k\000e\000n\000d\000\040\000A\000r\000c\000h\000i\000t\000e\000c\000t\000u\000r\000e}{chapter.10}% 108
\BOOKMARK [2][-]{subsection.10.5.1}{\376\377\000C\000o\000r\000e\000\040\000C\000o\000m\000p\000o\000n\000e\000n\000t\000s}{section.10.5}% 109
\BOOKMARK [2][-]{subsection.10.5.2}{\376\377\000A\000P\000I\000\040\000E\000n\000d\000p\000o\000i\000n\000t\000s}{section.10.5}% 110
\BOOKMARK [1][-]{section.10.6}{\376\377\000F\000r\000o\000n\000t\000e\000n\000d\000\040\000W\000o\000r\000k\000f\000l\000o\000w}{chapter.10}% 111
\BOOKMARK [0][-]{chapter.11}{\376\377\000I\000M\000P\000L\000E\000M\000E\000N\000T\000A\000T\000I\000O\000N\000\040\000D\000E\000T\000A\000I\000L\000S}{}% 112
\BOOKMARK [1][-]{section.11.1}{\376\377\000A\000g\000e\000n\000t\000\040\0001\000:\000\040\000S\000t\000r\000u\000c\000t\000u\000r\000a\000l\000\040\000P\000r\000o\000f\000i\000l\000e\000r}{chapter.11}% 113
\BOOKMARK [2][-]{subsection.11.1.1}{\376\377\000O\000v\000e\000r\000v\000i\000e\000w\000\040\000a\000n\000d\000\040\000P\000u\000r\000p\000o\000s\000e}{section.11.1}% 114
\BOOKMARK [2][-]{subsection.11.1.2}{\376\377\000I\000n\000p\000u\000t\000s\000\040\000a\000n\000d\000\040\000O\000u\000t\000p\000u\000t\000s}{section.11.1}% 115
\BOOKMARK [2][-]{subsection.11.1.3}{\376\377\000P\000r\000o\000c\000e\000s\000s\000i\000n\000g\000\040\000W\000o\000r\000k\000f\000l\000o\000w}{section.11.1}% 116
\BOOKMARK [2][-]{subsection.11.1.4}{\376\377\000M\000a\000i\000n\000\040\000F\000u\000n\000c\000t\000i\000o\000n\000s}{section.11.1}% 117
\BOOKMARK [2][-]{subsection.11.1.5}{\376\377\000R\000e\000l\000i\000a\000b\000i\000l\000i\000t\000y\000\040\000a\000n\000d\000\040\000P\000i\000p\000e\000l\000i\000n\000e\000\040\000I\000n\000t\000e\000r\000a\000c\000t\000i\000o\000n}{section.11.1}% 118
\BOOKMARK [1][-]{section.11.2}{\376\377\000A\000g\000e\000n\000t\000\040\0002\000:\000\040\000S\000e\000m\000a\000n\000t\000i\000c\000\040\000T\000a\000g\000g\000e\000r}{chapter.11}% 119
\BOOKMARK [2][-]{subsection.11.2.1}{\376\377\000O\000v\000e\000r\000v\000i\000e\000w\000\040\000a\000n\000d\000\040\000P\000u\000r\000p\000o\000s\000e}{section.11.2}% 120
\BOOKMARK [2][-]{subsection.11.2.2}{\376\377\000I\000n\000p\000u\000t\000s\000\040\000a\000n\000d\000\040\000O\000u\000t\000p\000u\000t\000s}{section.11.2}% 121
\BOOKMARK [2][-]{subsection.11.2.3}{\376\377\000P\000r\000o\000c\000e\000s\000s\000i\000n\000g\000\040\000W\000o\000r\000k\000f\000l\000o\000w}{section.11.2}% 122
\BOOKMARK [2][-]{subsection.11.2.4}{\376\377\000M\000a\000i\000n\000\040\000F\000u\000n\000c\000t\000i\000o\000n\000s}{section.11.2}% 123
\BOOKMARK [2][-]{subsection.11.2.5}{\376\377\000R\000e\000l\000i\000a\000b\000i\000l\000i\000t\000y\000\040\000a\000n\000d\000\040\000P\000i\000p\000e\000l\000i\000n\000e\000\040\000I\000n\000t\000e\000r\000a\000c\000t\000i\000o\000n}{section.11.2}% 124
\BOOKMARK [1][-]{section.11.3}{\376\377\000A\000g\000e\000n\000t\000\040\0003\000:\000\040\000P\000r\000e\000p\000r\000o\000c\000e\000s\000s\000o\000r}{chapter.11}% 125
\BOOKMARK [2][-]{subsection.11.3.1}{\376\377\000O\000v\000e\000r\000v\000i\000e\000w\000\040\000a\000n\000d\000\040\000P\000u\000r\000p\000o\000s\000e}{section.11.3}% 126
\BOOKMARK [2][-]{subsection.11.3.2}{\376\377\000I\000n\000p\000u\000t\000s\000\040\000a\000n\000d\000\040\000O\000u\000t\000p\000u\000t\000s}{section.11.3}% 127
\BOOKMARK [2][-]{subsection.11.3.3}{\376\377\000P\000r\000o\000f\000i\000l\000e\000\040\000S\000e\000l\000e\000c\000t\000i\000o\000n}{section.11.3}% 128
\BOOKMARK [2][-]{subsection.11.3.4}{\376\377\000P\000r\000o\000c\000e\000s\000s\000i\000n\000g\000\040\000W\000o\000r\000k\000f\000l\000o\000w}{section.11.3}% 129
\BOOKMARK [2][-]{subsection.11.3.5}{\376\377\000M\000a\000i\000n\000\040\000F\000u\000n\000c\000t\000i\000o\000n\000s}{section.11.3}% 130
\BOOKMARK [2][-]{subsection.11.3.6}{\376\377\000V\000a\000l\000i\000d\000a\000t\000i\000o\000n\000\040\000a\000n\000d\000\040\000D\000a\000t\000a\000\040\000Q\000u\000a\000l\000i\000t\000y}{section.11.3}% 131
\BOOKMARK [2][-]{subsection.11.3.7}{\376\377\000R\000e\000l\000i\000a\000b\000i\000l\000i\000t\000y\000\040\000a\000n\000d\000\040\000P\000i\000p\000e\000l\000i\000n\000e\000\040\000I\000n\000t\000e\000r\000a\000c\000t\000i\000o\000n}{section.11.3}% 132
\BOOKMARK [1][-]{section.11.4}{\376\377\000A\000g\000e\000n\000t\000\040\0004\000:\000\040\000S\000t\000a\000t\000i\000s\000t\000i\000c\000a\000l\000\040\000A\000n\000a\000l\000y\000s\000i\000s}{chapter.11}% 133
\BOOKMARK [2][-]{subsection.11.4.1}{\376\377\000O\000v\000e\000r\000v\000i\000e\000w\000\040\000a\000n\000d\000\040\000P\000u\000r\000p\000o\000s\000e}{section.11.4}% 134
\BOOKMARK [2][-]{subsection.11.4.2}{\376\377\000I\000n\000p\000u\000t\000s\000\040\000a\000n\000d\000\040\000O\000u\000t\000p\000u\000t\000s}{section.11.4}% 135
\BOOKMARK [2][-]{subsection.11.4.3}{\376\377\000P\000r\000o\000c\000e\000s\000s\000i\000n\000g\000\040\000W\000o\000r\000k\000f\000l\000o\000w}{section.11.4}% 136
\BOOKMARK [2][-]{subsection.11.4.4}{\376\377\000M\000a\000i\000n\000\040\000F\000u\000n\000c\000t\000i\000o\000n\000s}{section.11.4}% 137
\BOOKMARK [2][-]{subsection.11.4.5}{\376\377\000R\000e\000l\000i\000a\000b\000i\000l\000i\000t\000y\000\040\000a\000n\000d\000\040\000P\000i\000p\000e\000l\000i\000n\000e\000\040\000I\000n\000t\000e\000r\000a\000c\000t\000i\000o\000n}{section.11.4}% 138
\BOOKMARK [1][-]{section.11.5}{\376\377\000A\000g\000e\000n\000t\000\040\0005\000:\000\040\000O\000u\000t\000p\000u\000t\000\040\000V\000a\000l\000i\000d\000a\000t\000i\000o\000n\000\040\000\046\000\040\000T\000r\000u\000s\000t\000\040\000G\000a\000t\000e}{chapter.11}% 139
\BOOKMARK [2][-]{subsection.11.5.1}{\376\377\000O\000v\000e\000r\000v\000i\000e\000w\000\040\000a\000n\000d\000\040\000P\000u\000r\000p\000o\000s\000e}{section.11.5}% 140
\BOOKMARK [2][-]{subsection.11.5.2}{\376\377\000I\000n\000p\000u\000t\000s\000\040\000a\000n\000d\000\040\000O\000u\000t\000p\000u\000t\000s}{section.11.5}% 141
\BOOKMARK [2][-]{subsection.11.5.3}{\376\377\000P\000r\000o\000c\000e\000s\000s\000i\000n\000g\000\040\000W\000o\000r\000k\000f\000l\000o\000w}{section.11.5}% 142
\BOOKMARK [2][-]{subsection.11.5.4}{\376\377\000S\000c\000o\000r\000i\000n\000g\000\040\000a\000n\000d\000\040\000G\000a\000t\000i\000n\000g}{section.11.5}% 143
\BOOKMARK [1][-]{section.11.6}{\376\377\000A\000g\000e\000n\000t\000\040\0006\000:\000\040\000I\000n\000s\000i\000g\000h\000t\000\040\000R\000e\000p\000o\000r\000t\000\040\000G\000e\000n\000e\000r\000a\000t\000o\000r}{chapter.11}% 144
\BOOKMARK [2][-]{subsection.11.6.1}{\376\377\000O\000v\000e\000r\000v\000i\000e\000w\000\040\000a\000n\000d\000\040\000P\000u\000r\000p\000o\000s\000e}{section.11.6}% 145
\BOOKMARK [2][-]{subsection.11.6.2}{\376\377\000I\000n\000p\000u\000t\000s\000\040\000a\000n\000d\000\040\000O\000u\000t\000p\000u\000t\000s}{section.11.6}% 146
\BOOKMARK [2][-]{subsection.11.6.3}{\376\377\000P\000r\000o\000c\000e\000s\000s\000i\000n\000g\000\040\000W\000o\000r\000k\000f\000l\000o\000w}{section.11.6}% 147
\BOOKMARK [1][-]{section.11.7}{\376\377\000B\000a\000c\000k\000e\000n\000d\000\040\000A\000P\000I\000\040\000I\000m\000p\000l\000e\000m\000e\000n\000t\000a\000t\000i\000o\000n}{chapter.11}% 148
\BOOKMARK [2][-]{subsection.11.7.1}{\376\377\000A\000p\000p\000\040\000a\000n\000d\000\040\000C\000o\000n\000f\000i\000g\000u\000r\000a\000t\000i\000o\000n}{section.11.7}% 149
\BOOKMARK [2][-]{subsection.11.7.2}{\376\377\000E\000n\000d\000p\000o\000i\000n\000t\000s}{section.11.7}% 150
\BOOKMARK [2][-]{subsection.11.7.3}{\376\377\000J\000o\000b\000\040\000M\000a\000n\000a\000g\000e\000r\000\040\000a\000n\000d\000\040\000P\000i\000p\000e\000l\000i\000n\000e\000\040\000R\000u\000n\000n\000e\000r}{section.11.7}% 151
\BOOKMARK [2][-]{subsection.11.7.4}{\376\377\000S\000S\000E\000\040\000S\000t\000r\000e\000a\000m\000i\000n\000g}{section.11.7}% 152
\BOOKMARK [2][-]{subsection.11.7.5}{\376\377\000R\000A\000G\000\040\000D\000a\000t\000a\000s\000e\000t\000\040\000C\000h\000a\000t}{section.11.7}% 153
\BOOKMARK [2][-]{subsection.11.7.6}{\376\377\000C\000o\000n\000s\000t\000r\000a\000i\000n\000e\000d\000\040\000D\000a\000t\000a\000-\000Q\000u\000e\000r\000y\000\040\000P\000a\000t\000h}{section.11.7}% 154
\BOOKMARK [1][-]{section.11.8}{\376\377\000F\000r\000o\000n\000t\000e\000n\000d\000\040\000I\000m\000p\000l\000e\000m\000e\000n\000t\000a\000t\000i\000o\000n}{chapter.11}% 155
\BOOKMARK [2][-]{subsection.11.8.1}{\376\377\000S\000t\000a\000c\000k\000\040\000a\000n\000d\000\040\000S\000t\000r\000u\000c\000t\000u\000r\000e}{section.11.8}% 156
\BOOKMARK [2][-]{subsection.11.8.2}{\376\377\000R\000o\000u\000t\000i\000n\000g\000\040\000a\000n\000d\000\040\000A\000u\000t\000h\000e\000n\000t\000i\000c\000a\000t\000i\000o\000n}{section.11.8}% 157
\BOOKMARK [2][-]{subsection.11.8.3}{\376\377\000A\000P\000I\000\040\000C\000l\000i\000e\000n\000t\000\040\000a\000n\000d\000\040\000S\000S\000E}{section.11.8}% 158
\BOOKMARK [2][-]{subsection.11.8.4}{\376\377\000M\000a\000i\000n\000\040\000C\000o\000m\000p\000o\000n\000e\000n\000t\000s}{section.11.8}% 159
\BOOKMARK [0][-]{chapter.12}{\376\377\000R\000E\000S\000U\000L\000T\000S\000\040\000A\000N\000D\000\040\000A\000N\000A\000L\000Y\000S\000I\000S}{}% 160
\BOOKMARK [1][-]{section.12.1}{\376\377\000P\000i\000p\000e\000l\000i\000n\000e\000\040\000E\000x\000e\000c\000u\000t\000i\000o\000n\000\040\000S\000u\000m\000m\000a\000r\000y}{chapter.12}% 161
\BOOKMARK [2][-]{subsection.12.1.1}{\376\377\000C\000o\000m\000p\000a\000r\000i\000s\000o\000n\000\040\000w\000i\000t\000h\000\040\000a\000\040\000G\000e\000n\000e\000r\000a\000l\000-\000P\000u\000r\000p\000o\000s\000e\000\040\000Q\000w\000e\000n\000\040\000L\000L\000M}{section.12.1}% 162
\BOOKMARK [1][-]{section.12.2}{\376\377\000P\000e\000r\000-\000A\000g\000e\000n\000t\000\040\000O\000u\000t\000p\000u\000t\000s}{chapter.12}% 163
\BOOKMARK [2][-]{subsection.12.2.1}{\376\377\000A\000g\000e\000n\000t\000\040\0001\000:\000\040\000S\000t\000r\000u\000c\000t\000u\000r\000a\000l\000\040\000P\000r\000o\000f\000i\000l\000i\000n\000g}{section.12.2}% 164
\BOOKMARK [2][-]{subsection.12.2.2}{\376\377\000A\000g\000e\000n\000t\000\040\0002\000:\000\040\000S\000e\000m\000a\000n\000t\000i\000c\000\040\000T\000a\000g\000g\000i\000n\000g}{section.12.2}% 165
\BOOKMARK [2][-]{subsection.12.2.3}{\376\377\000A\000g\000e\000n\000t\000\040\0003\000:\000\040\000P\000r\000e\000p\000r\000o\000c\000e\000s\000s\000i\000n\000g}{section.12.2}% 166
\BOOKMARK [2][-]{subsection.12.2.4}{\376\377\000A\000g\000e\000n\000t\000\040\0004\000:\000\040\000S\000t\000a\000t\000i\000s\000t\000i\000c\000a\000l\000\040\000A\000n\000a\000l\000y\000s\000i\000s\000\040\000a\000n\000d\000\040\000V\000i\000s\000u\000a\000l\000i\000z\000a\000t\000i\000o\000n}{section.12.2}% 167
\BOOKMARK [2][-]{subsection.12.2.5}{\376\377\000A\000g\000e\000n\000t\000\040\0005\000:\000\040\000V\000a\000l\000i\000d\000a\000t\000i\000o\000n}{section.12.2}% 168
\BOOKMARK [2][-]{subsection.12.2.6}{\376\377\000A\000g\000e\000n\000t\000\040\0006\000:\000\040\000R\000e\000p\000o\000r\000t\000\040\000G\000e\000n\000e\000r\000a\000t\000i\000o\000n}{section.12.2}% 169
\BOOKMARK [1][-]{section.12.3}{\376\377\000P\000e\000r\000f\000o\000r\000m\000a\000n\000c\000e\000\040\000a\000n\000d\000\040\000R\000e\000l\000i\000a\000b\000i\000l\000i\000t\000y}{chapter.12}% 170
\BOOKMARK [2][-]{subsection.12.3.1}{\376\377\000A\000P\000I\000\040\000U\000s\000a\000g\000e\000\040\000a\000n\000d\000\040\000R\000u\000n\000t\000i\000m\000e\000\040\000O\000b\000s\000e\000r\000v\000a\000b\000i\000l\000i\000t\000y}{section.12.3}% 171
\BOOKMARK [2][-]{subsection.12.3.2}{\376\377\000R\000A\000G\000\040\000C\000h\000a\000t\000\040\000E\000v\000a\000l\000u\000a\000t\000i\000o\000n\000\040\000S\000t\000a\000t\000u\000s}{section.12.3}% 172
\BOOKMARK [1][-]{section.12.4}{\376\377\000E\000r\000r\000o\000r\000\040\000A\000n\000a\000l\000y\000s\000i\000s\000\040\000a\000n\000d\000\040\000V\000a\000l\000i\000d\000a\000t\000i\000o\000n\000\040\000D\000i\000s\000c\000u\000s\000s\000i\000o\000n}{chapter.12}% 173
\BOOKMARK [0][-]{chapter.13}{\376\377\000F\000U\000T\000U\000R\000E\000\040\000W\000O\000R\000K}{}% 174
\BOOKMARK [0][-]{chapter.14}{\376\377\000C\000O\000N\000C\000L\000U\000S\000I\000O\000N}{}% 175
\BOOKMARK [0][-]{chapter.15}{\376\377\000A\000P\000P\000E\000N\000D\000I\000C\000E\000S}{}% 176
\BOOKMARK [1][-]{section*.55}{\376\377\000A\000p\000p\000e\000n\000d\000i\000x\000\040\000A\000:\000\040\000D\000a\000t\000a\000s\000e\000t\000\040\000D\000e\000t\000a\000i\000l\000s}{chapter.15}% 177
\BOOKMARK [1][-]{section*.55}{\376\377\000A\000p\000p\000e\000n\000d\000i\000x\000\040\000B\000:\000\040\000C\000o\000s\000t\000\040\000E\000s\000t\000i\000m\000a\000t\000e}{chapter.15}% 178
\BOOKMARK [1][-]{table.caption.56}{\376\377\000A\000p\000p\000e\000n\000d\000i\000x\000\040\000C\000:\000\040\000P\000r\000o\000j\000e\000c\000t\000\040\000T\000i\000m\000e\000l\000i\000n\000e}{chapter.15}% 179
\BOOKMARK [1][-]{figure.caption.58}{\376\377\000A\000p\000p\000e\000n\000d\000i\000x\000\040\000D\000:\000\040\000S\000a\000m\000p\000l\000e\000\040\000G\000e\000n\000e\000r\000a\000t\000e\000d\000\040\000R\000e\000p\000o\000r\000t\000\040\000S\000c\000r\000e\000e\000n\000s\000h\000o\000t\000s}{chapter.15}% 180
\BOOKMARK [1][-]{figure.caption.60}{\376\377\000A\000p\000p\000e\000n\000d\000i\000x\000\040\000E\000:\000\040\000A\000g\000e\000n\000t\000\040\000R\000u\000n\000\040\000D\000i\000a\000g\000n\000o\000s\000t\000i\000c\000s\000\040\000E\000x\000c\000e\000r\000p\000t}{chapter.15}% 181
\BOOKMARK [0][-]{section*.61}{\376\377\000R\000E\000F\000E\000R\000E\000N\000C\000E\000S}{}% 182
